---
source: iml-services/src/services/devices/db.rs
expression: dhs
---
DeviceHosts(
    {
        Id(
            "dataset_14058142534232748000",
        ): DeviceHost {
            device_id: Id(
                "dataset_14058142534232748000",
            ),
            fqdn: Fqdn(
                "host1",
            ),
            paths: {
                "ost18/fs-OST000c",
            },
            mount_path: Some(
                MountPoint(
                    "/mnt/fs-OST000c",
                ),
            ),
        },
        Id(
            "dataset_15799967299178152000",
        ): DeviceHost {
            device_id: Id(
                "dataset_15799967299178152000",
            ),
            fqdn: Fqdn(
                "host1",
            ),
            paths: {
                "ost1/fs-OST0001",
            },
            mount_path: Some(
                MountPoint(
                    "/mnt/fs-OST0001",
                ),
            ),
        },
        Id(
            "dataset_16113689415528647000",
        ): DeviceHost {
            device_id: Id(
                "dataset_16113689415528647000",
            ),
            fqdn: Fqdn(
                "host1",
            ),
            paths: {
                "ost11/fs-OST0004",
            },
            mount_path: Some(
                MountPoint(
                    "/mnt/fs-OST0004",
                ),
            ),
        },
        Id(
            "dataset_17832669426331950000",
        ): DeviceHost {
            device_id: Id(
                "dataset_17832669426331950000",
            ),
            fqdn: Fqdn(
                "host1",
            ),
            paths: {
                "ost2/fs-OST000e",
            },
            mount_path: Some(
                MountPoint(
                    "/mnt/fs-OST000e",
                ),
            ),
        },
        Id(
            "dataset_546326277712140300",
        ): DeviceHost {
            device_id: Id(
                "dataset_546326277712140300",
            ),
            fqdn: Fqdn(
                "host1",
            ),
            paths: {
                "ost15/fs-OST0008",
            },
            mount_path: Some(
                MountPoint(
                    "/mnt/fs-OST0008",
                ),
            ),
        },
        Id(
            "dataset_5733272054209430000",
        ): DeviceHost {
            device_id: Id(
                "dataset_5733272054209430000",
            ),
            fqdn: Fqdn(
                "host1",
            ),
            paths: {
                "ost6/fs-OST0010",
            },
            mount_path: Some(
                MountPoint(
                    "/mnt/fs-OST0010",
                ),
            ),
        },
        Id(
            "dataset_6040026289001357000",
        ): DeviceHost {
            device_id: Id(
                "dataset_6040026289001357000",
            ),
            fqdn: Fqdn(
                "host1",
            ),
            paths: {
                "ost10/fs-OST0002",
            },
            mount_path: Some(
                MountPoint(
                    "/mnt/fs-OST0002",
                ),
            ),
        },
        Id(
            "dataset_673547581259299800",
        ): DeviceHost {
            device_id: Id(
                "dataset_673547581259299800",
            ),
            fqdn: Fqdn(
                "host1",
            ),
            paths: {
                "ost8/fs-OST0012",
            },
            mount_path: Some(
                MountPoint(
                    "/mnt/fs-OST0012",
                ),
            ),
        },
        Id(
            "dataset_6933372219775899000",
        ): DeviceHost {
            device_id: Id(
                "dataset_6933372219775899000",
            ),
            fqdn: Fqdn(
                "host1",
            ),
            paths: {
                "ost13/fs-OST0006",
            },
            mount_path: Some(
                MountPoint(
                    "/mnt/fs-OST0006",
                ),
            ),
        },
        Id(
            "dataset_9506230558717944000",
        ): DeviceHost {
            device_id: Id(
                "dataset_9506230558717944000",
            ),
            fqdn: Fqdn(
                "host1",
            ),
            paths: {
                "ost17/fs-OST000a",
            },
            mount_path: Some(
                MountPoint(
                    "/mnt/fs-OST000a",
                ),
            ),
        },
        Id(
            "mpath_360014050ed572fdf3a54e31bedcae861",
        ): DeviceHost {
            device_id: Id(
                "mpath_360014050ed572fdf3a54e31bedcae861",
            ),
            fqdn: Fqdn(
                "host1",
            ),
            paths: {
                "/dev/disk/by-id/dm-name-mpathl",
                "/dev/disk/by-id/dm-uuid-mpath-360014050ed572fdf3a54e31bedcae861",
                "/dev/dm-19",
                "/dev/mapper/mpathl",
            },
            mount_path: None,
        },
        Id(
            "mpath_3600140518a1f3b780ad4cd091a43bff8",
        ): DeviceHost {
            device_id: Id(
                "mpath_3600140518a1f3b780ad4cd091a43bff8",
            ),
            fqdn: Fqdn(
                "host1",
            ),
            paths: {
                "/dev/disk/by-id/dm-name-mpathm",
                "/dev/disk/by-id/dm-uuid-mpath-3600140518a1f3b780ad4cd091a43bff8",
                "/dev/dm-2",
                "/dev/mapper/mpathm",
            },
            mount_path: None,
        },
        Id(
            "mpath_360014051ab54e05af6848e8a9a01274f",
        ): DeviceHost {
            device_id: Id(
                "mpath_360014051ab54e05af6848e8a9a01274f",
            ),
            fqdn: Fqdn(
                "host1",
            ),
            paths: {
                "/dev/disk/by-id/dm-name-mpaths",
                "/dev/disk/by-id/dm-uuid-mpath-360014051ab54e05af6848e8a9a01274f",
                "/dev/dm-9",
                "/dev/mapper/mpaths",
            },
            mount_path: None,
        },
        Id(
            "mpath_360014051b427e6b1e184581b48b0885b",
        ): DeviceHost {
            device_id: Id(
                "mpath_360014051b427e6b1e184581b48b0885b",
            ),
            fqdn: Fqdn(
                "host1",
            ),
            paths: {
                "/dev/disk/by-id/dm-name-mpathg",
                "/dev/disk/by-id/dm-uuid-mpath-360014051b427e6b1e184581b48b0885b",
                "/dev/dm-14",
                "/dev/mapper/mpathg",
            },
            mount_path: None,
        },
        Id(
            "mpath_360014051bde360ae3cb4b75a56bf4c88",
        ): DeviceHost {
            device_id: Id(
                "mpath_360014051bde360ae3cb4b75a56bf4c88",
            ),
            fqdn: Fqdn(
                "host1",
            ),
            paths: {
                "/dev/disk/by-id/dm-name-mpathh",
                "/dev/disk/by-id/dm-uuid-mpath-360014051bde360ae3cb4b75a56bf4c88",
                "/dev/dm-15",
                "/dev/mapper/mpathh",
            },
            mount_path: None,
        },
        Id(
            "mpath_3600140529cc0e6c1dff4017a6bde4a07",
        ): DeviceHost {
            device_id: Id(
                "mpath_3600140529cc0e6c1dff4017a6bde4a07",
            ),
            fqdn: Fqdn(
                "host1",
            ),
            paths: {
                "/dev/disk/by-id/dm-name-mpathd",
                "/dev/disk/by-id/dm-uuid-mpath-3600140529cc0e6c1dff4017a6bde4a07",
                "/dev/dm-10",
                "/dev/mapper/mpathd",
            },
            mount_path: None,
        },
        Id(
            "mpath_36001405371822eb788947d6ac331285f",
        ): DeviceHost {
            device_id: Id(
                "mpath_36001405371822eb788947d6ac331285f",
            ),
            fqdn: Fqdn(
                "host1",
            ),
            paths: {
                "/dev/disk/by-id/dm-name-mpathe",
                "/dev/disk/by-id/dm-uuid-mpath-36001405371822eb788947d6ac331285f",
                "/dev/dm-12",
                "/dev/mapper/mpathe",
            },
            mount_path: None,
        },
        Id(
            "mpath_360014053f4429267572462bbd33b7cfb",
        ): DeviceHost {
            device_id: Id(
                "mpath_360014053f4429267572462bbd33b7cfb",
            ),
            fqdn: Fqdn(
                "host1",
            ),
            paths: {
                "/dev/disk/by-id/dm-name-mpathi",
                "/dev/disk/by-id/dm-uuid-mpath-360014053f4429267572462bbd33b7cfb",
                "/dev/dm-16",
                "/dev/mapper/mpathi",
            },
            mount_path: None,
        },
        Id(
            "mpath_3600140542f7d97a92f54741b85ad0b99",
        ): DeviceHost {
            device_id: Id(
                "mpath_3600140542f7d97a92f54741b85ad0b99",
            ),
            fqdn: Fqdn(
                "host1",
            ),
            paths: {
                "/dev/disk/by-id/dm-name-mpathk",
                "/dev/disk/by-id/dm-uuid-mpath-3600140542f7d97a92f54741b85ad0b99",
                "/dev/dm-18",
                "/dev/mapper/mpathk",
            },
            mount_path: None,
        },
        Id(
            "mpath_3600140561357b809f7641b7a42110c1f",
        ): DeviceHost {
            device_id: Id(
                "mpath_3600140561357b809f7641b7a42110c1f",
            ),
            fqdn: Fqdn(
                "host1",
            ),
            paths: {
                "/dev/disk/by-id/dm-name-mpatht",
                "/dev/disk/by-id/dm-uuid-mpath-3600140561357b809f7641b7a42110c1f",
                "/dev/dm-7",
                "/dev/mapper/mpatht",
            },
            mount_path: None,
        },
        Id(
            "mpath_360014057672ba4d59674840a5a5409ae",
        ): DeviceHost {
            device_id: Id(
                "mpath_360014057672ba4d59674840a5a5409ae",
            ),
            fqdn: Fqdn(
                "host1",
            ),
            paths: {
                "/dev/disk/by-id/dm-name-mpathr",
                "/dev/disk/by-id/dm-uuid-mpath-360014057672ba4d59674840a5a5409ae",
                "/dev/dm-8",
                "/dev/mapper/mpathr",
            },
            mount_path: None,
        },
        Id(
            "mpath_3600140579ff981effbd4c50a6e771d75",
        ): DeviceHost {
            device_id: Id(
                "mpath_3600140579ff981effbd4c50a6e771d75",
            ),
            fqdn: Fqdn(
                "host1",
            ),
            paths: {
                "/dev/disk/by-id/dm-name-mpathj",
                "/dev/disk/by-id/dm-uuid-mpath-3600140579ff981effbd4c50a6e771d75",
                "/dev/dm-17",
                "/dev/mapper/mpathj",
            },
            mount_path: None,
        },
        Id(
            "mpath_3600140593876bad79284c7ba8439d55b",
        ): DeviceHost {
            device_id: Id(
                "mpath_3600140593876bad79284c7ba8439d55b",
            ),
            fqdn: Fqdn(
                "host1",
            ),
            paths: {
                "/dev/disk/by-id/dm-name-mpathf",
                "/dev/disk/by-id/dm-uuid-mpath-3600140593876bad79284c7ba8439d55b",
                "/dev/dm-13",
                "/dev/mapper/mpathf",
            },
            mount_path: None,
        },
        Id(
            "mpath_360014059a0f2d0094114424a76d07a20",
        ): DeviceHost {
            device_id: Id(
                "mpath_360014059a0f2d0094114424a76d07a20",
            ),
            fqdn: Fqdn(
                "host1",
            ),
            paths: {
                "/dev/disk/by-id/dm-name-mpathp",
                "/dev/disk/by-id/dm-uuid-mpath-360014059a0f2d0094114424a76d07a20",
                "/dev/dm-5",
                "/dev/mapper/mpathp",
            },
            mount_path: None,
        },
        Id(
            "mpath_360014059a9e3c3393fe41c1aef4a1946",
        ): DeviceHost {
            device_id: Id(
                "mpath_360014059a9e3c3393fe41c1aef4a1946",
            ),
            fqdn: Fqdn(
                "host1",
            ),
            paths: {
                "/dev/disk/by-id/dm-name-mpathq",
                "/dev/disk/by-id/dm-uuid-mpath-360014059a9e3c3393fe41c1aef4a1946",
                "/dev/dm-6",
                "/dev/mapper/mpathq",
            },
            mount_path: None,
        },
        Id(
            "mpath_36001405a1ce936ce4034972a9346c9a8",
        ): DeviceHost {
            device_id: Id(
                "mpath_36001405a1ce936ce4034972a9346c9a8",
            ),
            fqdn: Fqdn(
                "host1",
            ),
            paths: {
                "/dev/disk/by-id/dm-name-mpathb",
                "/dev/disk/by-id/dm-uuid-mpath-36001405a1ce936ce4034972a9346c9a8",
                "/dev/dm-0",
                "/dev/mapper/mpathb",
            },
            mount_path: None,
        },
        Id(
            "mpath_36001405c4e0b8dfac2c4838a269f8387",
        ): DeviceHost {
            device_id: Id(
                "mpath_36001405c4e0b8dfac2c4838a269f8387",
            ),
            fqdn: Fqdn(
                "host1",
            ),
            paths: {
                "/dev/disk/by-id/dm-name-mpatho",
                "/dev/disk/by-id/dm-uuid-mpath-36001405c4e0b8dfac2c4838a269f8387",
                "/dev/dm-4",
                "/dev/mapper/mpatho",
            },
            mount_path: None,
        },
        Id(
            "mpath_36001405e7558cf8239542d3b38ab9e93",
        ): DeviceHost {
            device_id: Id(
                "mpath_36001405e7558cf8239542d3b38ab9e93",
            ),
            fqdn: Fqdn(
                "host1",
            ),
            paths: {
                "/dev/disk/by-id/dm-name-mpatha",
                "/dev/disk/by-id/dm-uuid-mpath-36001405e7558cf8239542d3b38ab9e93",
                "/dev/dm-1",
                "/dev/mapper/mpatha",
            },
            mount_path: None,
        },
        Id(
            "mpath_36001405ea8d6822c1d349b9bf2460e8d",
        ): DeviceHost {
            device_id: Id(
                "mpath_36001405ea8d6822c1d349b9bf2460e8d",
            ),
            fqdn: Fqdn(
                "host1",
            ),
            paths: {
                "/dev/disk/by-id/dm-name-mpathc",
                "/dev/disk/by-id/dm-uuid-mpath-36001405ea8d6822c1d349b9bf2460e8d",
                "/dev/dm-11",
                "/dev/mapper/mpathc",
            },
            mount_path: None,
        },
        Id(
            "mpath_36001405f73d7e74d12745e581d8ae7d0",
        ): DeviceHost {
            device_id: Id(
                "mpath_36001405f73d7e74d12745e581d8ae7d0",
            ),
            fqdn: Fqdn(
                "host1",
            ),
            paths: {
                "/dev/disk/by-id/dm-name-mpathn",
                "/dev/disk/by-id/dm-uuid-mpath-36001405f73d7e74d12745e581d8ae7d0",
                "/dev/dm-3",
                "/dev/mapper/mpathn",
            },
            mount_path: None,
        },
        Id(
            "partition1_1ATA     VBOX HARDDISK                           VB37dcb049-54698a06",
        ): DeviceHost {
            device_id: Id(
                "partition1_1ATA     VBOX HARDDISK                           VB37dcb049-54698a06",
            ),
            fqdn: Fqdn(
                "host1",
            ),
            paths: {
                "/dev/disk/by-id/ata-VBOX_HARDDISK_VB37dcb049-54698a06-part1",
                "/dev/disk/by-path/pci-0000:00:01.1-ata-1.0-part1",
                "/dev/disk/by-uuid/8ac075e3-1124-4bb6-bef7-a6811bf8b870",
                "/dev/sda1",
            },
            mount_path: Some(
                MountPoint(
                    "/",
                ),
            ),
        },
        Id(
            "scsi_1ATA     VBOX HARDDISK                           VB37dcb049-54698a06",
        ): DeviceHost {
            device_id: Id(
                "scsi_1ATA     VBOX HARDDISK                           VB37dcb049-54698a06",
            ),
            fqdn: Fqdn(
                "host1",
            ),
            paths: {
                "/dev/disk/by-id/ata-VBOX_HARDDISK_VB37dcb049-54698a06",
                "/dev/disk/by-path/pci-0000:00:01.1-ata-1.0",
                "/dev/sda",
            },
            mount_path: None,
        },
        Id(
            "scsi_360014050ed572fdf3a54e31bedcae861",
        ): DeviceHost {
            device_id: Id(
                "scsi_360014050ed572fdf3a54e31bedcae861",
            ),
            fqdn: Fqdn(
                "host1",
            ),
            paths: {
                "/dev/disk/by-id/scsi-360014050ed572fdf3a54e31bedcae861",
                "/dev/disk/by-id/wwn-0x60014050ed572fdf3a54e31bedcae861",
                "/dev/disk/by-path/ip-10.73.40.10:3260-iscsi-iqn.2015-01.com.whamcloud.lu:oss-lun-19",
                "/dev/disk/by-path/ip-10.73.50.10:3260-iscsi-iqn.2015-01.com.whamcloud.lu:oss-lun-19",
                "/dev/sdan",
                "/dev/sdao",
            },
            mount_path: None,
        },
        Id(
            "scsi_3600140518a1f3b780ad4cd091a43bff8",
        ): DeviceHost {
            device_id: Id(
                "scsi_3600140518a1f3b780ad4cd091a43bff8",
            ),
            fqdn: Fqdn(
                "host1",
            ),
            paths: {
                "/dev/disk/by-id/scsi-3600140518a1f3b780ad4cd091a43bff8",
                "/dev/disk/by-id/wwn-0x600140518a1f3b780ad4cd091a43bff8",
                "/dev/disk/by-path/ip-10.73.40.10:3260-iscsi-iqn.2015-01.com.whamcloud.lu:oss-lun-2",
                "/dev/disk/by-path/ip-10.73.50.10:3260-iscsi-iqn.2015-01.com.whamcloud.lu:oss-lun-2",
                "/dev/sdf",
                "/dev/sdg",
            },
            mount_path: None,
        },
        Id(
            "scsi_360014051ab54e05af6848e8a9a01274f",
        ): DeviceHost {
            device_id: Id(
                "scsi_360014051ab54e05af6848e8a9a01274f",
            ),
            fqdn: Fqdn(
                "host1",
            ),
            paths: {
                "/dev/disk/by-id/scsi-360014051ab54e05af6848e8a9a01274f",
                "/dev/disk/by-id/wwn-0x60014051ab54e05af6848e8a9a01274f",
                "/dev/disk/by-path/ip-10.73.40.10:3260-iscsi-iqn.2015-01.com.whamcloud.lu:oss-lun-8",
                "/dev/disk/by-path/ip-10.73.50.10:3260-iscsi-iqn.2015-01.com.whamcloud.lu:oss-lun-8",
                "/dev/sdr",
                "/dev/sdu",
            },
            mount_path: None,
        },
        Id(
            "scsi_360014051b427e6b1e184581b48b0885b",
        ): DeviceHost {
            device_id: Id(
                "scsi_360014051b427e6b1e184581b48b0885b",
            ),
            fqdn: Fqdn(
                "host1",
            ),
            paths: {
                "/dev/disk/by-id/scsi-360014051b427e6b1e184581b48b0885b",
                "/dev/disk/by-id/wwn-0x60014051b427e6b1e184581b48b0885b",
                "/dev/disk/by-path/ip-10.73.40.10:3260-iscsi-iqn.2015-01.com.whamcloud.lu:oss-lun-14",
                "/dev/disk/by-path/ip-10.73.50.10:3260-iscsi-iqn.2015-01.com.whamcloud.lu:oss-lun-14",
                "/dev/sdad",
                "/dev/sdae",
            },
            mount_path: None,
        },
        Id(
            "scsi_360014051bde360ae3cb4b75a56bf4c88",
        ): DeviceHost {
            device_id: Id(
                "scsi_360014051bde360ae3cb4b75a56bf4c88",
            ),
            fqdn: Fqdn(
                "host1",
            ),
            paths: {
                "/dev/disk/by-id/scsi-360014051bde360ae3cb4b75a56bf4c88",
                "/dev/disk/by-id/wwn-0x60014051bde360ae3cb4b75a56bf4c88",
                "/dev/disk/by-path/ip-10.73.40.10:3260-iscsi-iqn.2015-01.com.whamcloud.lu:oss-lun-15",
                "/dev/disk/by-path/ip-10.73.50.10:3260-iscsi-iqn.2015-01.com.whamcloud.lu:oss-lun-15",
                "/dev/sdaf",
                "/dev/sdag",
            },
            mount_path: None,
        },
        Id(
            "scsi_3600140529cc0e6c1dff4017a6bde4a07",
        ): DeviceHost {
            device_id: Id(
                "scsi_3600140529cc0e6c1dff4017a6bde4a07",
            ),
            fqdn: Fqdn(
                "host1",
            ),
            paths: {
                "/dev/disk/by-id/scsi-3600140529cc0e6c1dff4017a6bde4a07",
                "/dev/disk/by-id/wwn-0x600140529cc0e6c1dff4017a6bde4a07",
                "/dev/disk/by-path/ip-10.73.40.10:3260-iscsi-iqn.2015-01.com.whamcloud.lu:oss-lun-11",
                "/dev/disk/by-path/ip-10.73.50.10:3260-iscsi-iqn.2015-01.com.whamcloud.lu:oss-lun-11",
                "/dev/sdw",
                "/dev/sdz",
            },
            mount_path: None,
        },
        Id(
            "scsi_36001405371822eb788947d6ac331285f",
        ): DeviceHost {
            device_id: Id(
                "scsi_36001405371822eb788947d6ac331285f",
            ),
            fqdn: Fqdn(
                "host1",
            ),
            paths: {
                "/dev/disk/by-id/scsi-36001405371822eb788947d6ac331285f",
                "/dev/disk/by-id/wwn-0x6001405371822eb788947d6ac331285f",
                "/dev/disk/by-path/ip-10.73.40.10:3260-iscsi-iqn.2015-01.com.whamcloud.lu:oss-lun-12",
                "/dev/disk/by-path/ip-10.73.50.10:3260-iscsi-iqn.2015-01.com.whamcloud.lu:oss-lun-12",
                "/dev/sdaa",
                "/dev/sdy",
            },
            mount_path: None,
        },
        Id(
            "scsi_360014053f4429267572462bbd33b7cfb",
        ): DeviceHost {
            device_id: Id(
                "scsi_360014053f4429267572462bbd33b7cfb",
            ),
            fqdn: Fqdn(
                "host1",
            ),
            paths: {
                "/dev/disk/by-id/scsi-360014053f4429267572462bbd33b7cfb",
                "/dev/disk/by-id/wwn-0x60014053f4429267572462bbd33b7cfb",
                "/dev/disk/by-path/ip-10.73.40.10:3260-iscsi-iqn.2015-01.com.whamcloud.lu:oss-lun-16",
                "/dev/disk/by-path/ip-10.73.50.10:3260-iscsi-iqn.2015-01.com.whamcloud.lu:oss-lun-16",
                "/dev/sdah",
                "/dev/sdaj",
            },
            mount_path: None,
        },
        Id(
            "scsi_3600140542f7d97a92f54741b85ad0b99",
        ): DeviceHost {
            device_id: Id(
                "scsi_3600140542f7d97a92f54741b85ad0b99",
            ),
            fqdn: Fqdn(
                "host1",
            ),
            paths: {
                "/dev/disk/by-id/scsi-3600140542f7d97a92f54741b85ad0b99",
                "/dev/disk/by-id/wwn-0x600140542f7d97a92f54741b85ad0b99",
                "/dev/disk/by-path/ip-10.73.40.10:3260-iscsi-iqn.2015-01.com.whamcloud.lu:oss-lun-18",
                "/dev/disk/by-path/ip-10.73.50.10:3260-iscsi-iqn.2015-01.com.whamcloud.lu:oss-lun-18",
                "/dev/sdal",
                "/dev/sdam",
            },
            mount_path: None,
        },
        Id(
            "scsi_3600140561357b809f7641b7a42110c1f",
        ): DeviceHost {
            device_id: Id(
                "scsi_3600140561357b809f7641b7a42110c1f",
            ),
            fqdn: Fqdn(
                "host1",
            ),
            paths: {
                "/dev/disk/by-id/scsi-3600140561357b809f7641b7a42110c1f",
                "/dev/disk/by-id/wwn-0x600140561357b809f7641b7a42110c1f",
                "/dev/disk/by-path/ip-10.73.40.10:3260-iscsi-iqn.2015-01.com.whamcloud.lu:oss-lun-9",
                "/dev/disk/by-path/ip-10.73.50.10:3260-iscsi-iqn.2015-01.com.whamcloud.lu:oss-lun-9",
                "/dev/sds",
                "/dev/sdv",
            },
            mount_path: None,
        },
        Id(
            "scsi_360014057672ba4d59674840a5a5409ae",
        ): DeviceHost {
            device_id: Id(
                "scsi_360014057672ba4d59674840a5a5409ae",
            ),
            fqdn: Fqdn(
                "host1",
            ),
            paths: {
                "/dev/disk/by-id/scsi-360014057672ba4d59674840a5a5409ae",
                "/dev/disk/by-id/wwn-0x60014057672ba4d59674840a5a5409ae",
                "/dev/disk/by-path/ip-10.73.40.10:3260-iscsi-iqn.2015-01.com.whamcloud.lu:oss-lun-7",
                "/dev/disk/by-path/ip-10.73.50.10:3260-iscsi-iqn.2015-01.com.whamcloud.lu:oss-lun-7",
                "/dev/sdp",
                "/dev/sdq",
            },
            mount_path: None,
        },
        Id(
            "scsi_3600140579ff981effbd4c50a6e771d75",
        ): DeviceHost {
            device_id: Id(
                "scsi_3600140579ff981effbd4c50a6e771d75",
            ),
            fqdn: Fqdn(
                "host1",
            ),
            paths: {
                "/dev/disk/by-id/scsi-3600140579ff981effbd4c50a6e771d75",
                "/dev/disk/by-id/wwn-0x600140579ff981effbd4c50a6e771d75",
                "/dev/disk/by-path/ip-10.73.40.10:3260-iscsi-iqn.2015-01.com.whamcloud.lu:oss-lun-17",
                "/dev/disk/by-path/ip-10.73.50.10:3260-iscsi-iqn.2015-01.com.whamcloud.lu:oss-lun-17",
                "/dev/sdai",
                "/dev/sdak",
            },
            mount_path: None,
        },
        Id(
            "scsi_3600140593876bad79284c7ba8439d55b",
        ): DeviceHost {
            device_id: Id(
                "scsi_3600140593876bad79284c7ba8439d55b",
            ),
            fqdn: Fqdn(
                "host1",
            ),
            paths: {
                "/dev/disk/by-id/scsi-3600140593876bad79284c7ba8439d55b",
                "/dev/disk/by-id/wwn-0x600140593876bad79284c7ba8439d55b",
                "/dev/disk/by-path/ip-10.73.40.10:3260-iscsi-iqn.2015-01.com.whamcloud.lu:oss-lun-13",
                "/dev/disk/by-path/ip-10.73.50.10:3260-iscsi-iqn.2015-01.com.whamcloud.lu:oss-lun-13",
                "/dev/sdab",
                "/dev/sdac",
            },
            mount_path: None,
        },
        Id(
            "scsi_360014059a0f2d0094114424a76d07a20",
        ): DeviceHost {
            device_id: Id(
                "scsi_360014059a0f2d0094114424a76d07a20",
            ),
            fqdn: Fqdn(
                "host1",
            ),
            paths: {
                "/dev/disk/by-id/scsi-360014059a0f2d0094114424a76d07a20",
                "/dev/disk/by-id/wwn-0x60014059a0f2d0094114424a76d07a20",
                "/dev/disk/by-path/ip-10.73.40.10:3260-iscsi-iqn.2015-01.com.whamcloud.lu:oss-lun-5",
                "/dev/disk/by-path/ip-10.73.50.10:3260-iscsi-iqn.2015-01.com.whamcloud.lu:oss-lun-5",
                "/dev/sdl",
                "/dev/sdm",
            },
            mount_path: None,
        },
        Id(
            "scsi_360014059a9e3c3393fe41c1aef4a1946",
        ): DeviceHost {
            device_id: Id(
                "scsi_360014059a9e3c3393fe41c1aef4a1946",
            ),
            fqdn: Fqdn(
                "host1",
            ),
            paths: {
                "/dev/disk/by-id/scsi-360014059a9e3c3393fe41c1aef4a1946",
                "/dev/disk/by-id/wwn-0x60014059a9e3c3393fe41c1aef4a1946",
                "/dev/disk/by-path/ip-10.73.40.10:3260-iscsi-iqn.2015-01.com.whamcloud.lu:oss-lun-6",
                "/dev/disk/by-path/ip-10.73.50.10:3260-iscsi-iqn.2015-01.com.whamcloud.lu:oss-lun-6",
                "/dev/sdn",
                "/dev/sdo",
            },
            mount_path: None,
        },
        Id(
            "scsi_36001405a1ce936ce4034972a9346c9a8",
        ): DeviceHost {
            device_id: Id(
                "scsi_36001405a1ce936ce4034972a9346c9a8",
            ),
            fqdn: Fqdn(
                "host1",
            ),
            paths: {
                "/dev/disk/by-id/scsi-36001405a1ce936ce4034972a9346c9a8",
                "/dev/disk/by-id/wwn-0x6001405a1ce936ce4034972a9346c9a8",
                "/dev/disk/by-path/ip-10.73.40.10:3260-iscsi-iqn.2015-01.com.whamcloud.lu:oss-lun-1",
                "/dev/disk/by-path/ip-10.73.50.10:3260-iscsi-iqn.2015-01.com.whamcloud.lu:oss-lun-1",
                "/dev/sdd",
                "/dev/sde",
            },
            mount_path: None,
        },
        Id(
            "scsi_36001405c4e0b8dfac2c4838a269f8387",
        ): DeviceHost {
            device_id: Id(
                "scsi_36001405c4e0b8dfac2c4838a269f8387",
            ),
            fqdn: Fqdn(
                "host1",
            ),
            paths: {
                "/dev/disk/by-id/scsi-36001405c4e0b8dfac2c4838a269f8387",
                "/dev/disk/by-id/wwn-0x6001405c4e0b8dfac2c4838a269f8387",
                "/dev/disk/by-path/ip-10.73.40.10:3260-iscsi-iqn.2015-01.com.whamcloud.lu:oss-lun-4",
                "/dev/disk/by-path/ip-10.73.50.10:3260-iscsi-iqn.2015-01.com.whamcloud.lu:oss-lun-4",
                "/dev/sdj",
                "/dev/sdk",
            },
            mount_path: None,
        },
        Id(
            "scsi_36001405e7558cf8239542d3b38ab9e93",
        ): DeviceHost {
            device_id: Id(
                "scsi_36001405e7558cf8239542d3b38ab9e93",
            ),
            fqdn: Fqdn(
                "host1",
            ),
            paths: {
                "/dev/disk/by-id/scsi-36001405e7558cf8239542d3b38ab9e93",
                "/dev/disk/by-id/wwn-0x6001405e7558cf8239542d3b38ab9e93",
                "/dev/disk/by-path/ip-10.73.40.10:3260-iscsi-iqn.2015-01.com.whamcloud.lu:oss-lun-0",
                "/dev/disk/by-path/ip-10.73.50.10:3260-iscsi-iqn.2015-01.com.whamcloud.lu:oss-lun-0",
                "/dev/sdb",
                "/dev/sdc",
            },
            mount_path: None,
        },
        Id(
            "scsi_36001405ea8d6822c1d349b9bf2460e8d",
        ): DeviceHost {
            device_id: Id(
                "scsi_36001405ea8d6822c1d349b9bf2460e8d",
            ),
            fqdn: Fqdn(
                "host1",
            ),
            paths: {
                "/dev/disk/by-id/scsi-36001405ea8d6822c1d349b9bf2460e8d",
                "/dev/disk/by-id/wwn-0x6001405ea8d6822c1d349b9bf2460e8d",
                "/dev/disk/by-path/ip-10.73.40.10:3260-iscsi-iqn.2015-01.com.whamcloud.lu:oss-lun-10",
                "/dev/disk/by-path/ip-10.73.50.10:3260-iscsi-iqn.2015-01.com.whamcloud.lu:oss-lun-10",
                "/dev/sdt",
                "/dev/sdx",
            },
            mount_path: None,
        },
        Id(
            "scsi_36001405f73d7e74d12745e581d8ae7d0",
        ): DeviceHost {
            device_id: Id(
                "scsi_36001405f73d7e74d12745e581d8ae7d0",
            ),
            fqdn: Fqdn(
                "host1",
            ),
            paths: {
                "/dev/disk/by-id/scsi-36001405f73d7e74d12745e581d8ae7d0",
                "/dev/disk/by-id/wwn-0x6001405f73d7e74d12745e581d8ae7d0",
                "/dev/disk/by-path/ip-10.73.40.10:3260-iscsi-iqn.2015-01.com.whamcloud.lu:oss-lun-3",
                "/dev/disk/by-path/ip-10.73.50.10:3260-iscsi-iqn.2015-01.com.whamcloud.lu:oss-lun-3",
                "/dev/sdh",
                "/dev/sdi",
            },
            mount_path: None,
        },
        Id(
            "zpool_11404755598234436000",
        ): DeviceHost {
            device_id: Id(
                "zpool_11404755598234436000",
            ),
            fqdn: Fqdn(
                "host1",
            ),
            paths: {
                "ost1",
            },
            mount_path: Some(
                MountPoint(
                    "/ost1",
                ),
            ),
        },
        Id(
            "zpool_13289720406207140000",
        ): DeviceHost {
            device_id: Id(
                "zpool_13289720406207140000",
            ),
            fqdn: Fqdn(
                "host1",
            ),
            paths: {
                "ost6",
            },
            mount_path: Some(
                MountPoint(
                    "/ost6",
                ),
            ),
        },
        Id(
            "zpool_160900275567926530",
        ): DeviceHost {
            device_id: Id(
                "zpool_160900275567926530",
            ),
            fqdn: Fqdn(
                "host1",
            ),
            paths: {
                "ost8",
            },
            mount_path: Some(
                MountPoint(
                    "/ost8",
                ),
            ),
        },
        Id(
            "zpool_16191343403350233000",
        ): DeviceHost {
            device_id: Id(
                "zpool_16191343403350233000",
            ),
            fqdn: Fqdn(
                "host1",
            ),
            paths: {
                "ost15",
            },
            mount_path: Some(
                MountPoint(
                    "/ost15",
                ),
            ),
        },
        Id(
            "zpool_18069017291544870000",
        ): DeviceHost {
            device_id: Id(
                "zpool_18069017291544870000",
            ),
            fqdn: Fqdn(
                "host1",
            ),
            paths: {
                "ost10",
            },
            mount_path: Some(
                MountPoint(
                    "/ost10",
                ),
            ),
        },
        Id(
            "zpool_18108742345939087000",
        ): DeviceHost {
            device_id: Id(
                "zpool_18108742345939087000",
            ),
            fqdn: Fqdn(
                "host1",
            ),
            paths: {
                "ost2",
            },
            mount_path: Some(
                MountPoint(
                    "/ost2",
                ),
            ),
        },
        Id(
            "zpool_18427740215538354000",
        ): DeviceHost {
            device_id: Id(
                "zpool_18427740215538354000",
            ),
            fqdn: Fqdn(
                "host1",
            ),
            paths: {
                "ost17",
            },
            mount_path: Some(
                MountPoint(
                    "/ost17",
                ),
            ),
        },
        Id(
            "zpool_2957248016653106000",
        ): DeviceHost {
            device_id: Id(
                "zpool_2957248016653106000",
            ),
            fqdn: Fqdn(
                "host1",
            ),
            paths: {
                "ost18",
            },
            mount_path: Some(
                MountPoint(
                    "/ost18",
                ),
            ),
        },
        Id(
            "zpool_3897016046943655400",
        ): DeviceHost {
            device_id: Id(
                "zpool_3897016046943655400",
            ),
            fqdn: Fqdn(
                "host1",
            ),
            paths: {
                "ost11",
            },
            mount_path: Some(
                MountPoint(
                    "/ost11",
                ),
            ),
        },
        Id(
            "zpool_7075211415692163000",
        ): DeviceHost {
            device_id: Id(
                "zpool_7075211415692163000",
            ),
            fqdn: Fqdn(
                "host1",
            ),
            paths: {
                "ost13",
            },
            mount_path: Some(
                MountPoint(
                    "/ost13",
                ),
            ),
        },
    },
)
